
DCL@TeamOs-PC MINGW64 /
$ cd /c/Users/DCL/python-ci-demo

DCL@TeamOs-PC MINGW64 ~/python-ci-demo
$ git init
Initialized empty Git repository in C:/Users/DCL/python-ci-demo/.git/

DCL@TeamOs-PC MINGW64 ~/python-ci-demo (master)
$ git add .
git commit -m "Initial Python project with unit tests"
git branch -M main
[master (root-commit) 6d709a3] Initial Python project with unit tests
 3 files changed, 32 insertions(+)
 create mode 100644 calculator.py
 create mode 100644 requirements.txt
 create mode 100644 test_calculator.py

DCL@TeamOs-PC MINGW64 ~/python-ci-demo (main)
$ ^C

DCL@TeamOs-PC MINGW64 ~/python-ci-demo (main)
$ git remote set-url origin https://github.com/Rafsan12345/python-ci-demo.git
error: No such remote 'origin'

DCL@TeamOs-PC MINGW64 ~/python-ci-demo (main)
$ git remote add origin https://github.com/Rafsan12345/python-ci-demo.git

DCL@TeamOs-PC MINGW64 ~/python-ci-demo (main)
$ git remote -v
origin  https://github.com/Rafsan12345/python-ci-demo.git (fetch)
origin  https://github.com/Rafsan12345/python-ci-demo.git (push)

DCL@TeamOs-PC MINGW64 ~/python-ci-demo (main)
$ git push -u origin main
To https://github.com/Rafsan12345/python-ci-demo.git
 ! [rejected]        main -> main (fetch first)
error: failed to push some refs to 'https://github.com/Rafsan12345/python-ci-demo.git'
hint: Updates were rejected because the remote contains work that you do not
hint: have locally. This is usually caused by another repository pushing to
hint: the same ref. If you want to integrate the remote changes, use
hint: 'git pull' before pushing again.
hint: See the 'Note about fast-forwards' in 'git push --help' for details.

DCL@TeamOs-PC MINGW64 ~/python-ci-demo (main)
$ git remote add origin https://github.com/Rafsan12345/python-ci-demo.git
git branch -M main
git push -u origin main
error: remote origin already exists.
Enumerating objects: 5, done.
Counting objects: 100% (5/5), done.
Delta compression using up to 4 threads
Compressing objects: 100% (4/4), done.
Writing objects: 100% (5/5), 593 bytes | 296.00 KiB/s, done.
Total 5 (delta 0), reused 0 (delta 0), pack-reused 0
To https://github.com/Rafsan12345/python-ci-demo.git
 * [new branch]      main -> main
branch 'main' set up to track 'origin/main'.

DCL@TeamOs-PC MINGW64 ~/python-ci-demo (main)
$ mkdir -p .github/workflows

DCL@TeamOs-PC MINGW64 ~/python-ci-demo (main)
$ nano .github/workflows/python-ci.yml

DCL@TeamOs-PC MINGW64 ~/python-ci-demo (main)
$ git add .github/workflows/python-ci.yml
git commit -m "Add Python CI workflow"
git push
warning: in the working copy of '.github/workflows/python-ci.yml', LF will be replaced by CRLF the next time Git touches it
[main 8974bab] Add Python CI workflow
 1 file changed, 29 insertions(+)
 create mode 100644 .github/workflows/python-ci.yml
Enumerating objects: 6, done.
Counting objects: 100% (6/6), done.
Delta compression using up to 4 threads
Compressing objects: 100% (3/3), done.
Writing objects: 100% (5/5), 635 bytes | 317.00 KiB/s, done.
Total 5 (delta 1), reused 0 (delta 0), pack-reused 0
remote: Resolving deltas: 100% (1/1), completed with 1 local object.
To https://github.com/Rafsan12345/python-ci-demo.git
   6d709a3..8974bab  main -> main

DCL@TeamOs-PC MINGW64 ~/python-ci-demo (main)
$
